Oct 18 19:46:26 notebox syslogd 1.4.1#20ubuntu4: restart.
Oct 18 20:14:15 notebox kernel: [ 2407.784594] SoftMAC: Open Authentication completed with 00:13:49:a1:23:74
Oct 18 20:36:18 notebox -- MARK --
Oct 18 20:44:13 notebox kernel: [ 4206.316557] SoftMAC: Open Authentication completed with 00:13:49:a1:23:74
Oct 18 20:56:18 notebox -- MARK --
Oct 18 21:16:19 notebox -- MARK --
Oct 18 21:36:19 notebox -- MARK --
Oct 18 21:56:19 notebox -- MARK --
Oct 18 22:00:42 notebox kernel: [ 8795.669578] agpgart: Putting AGP V2 device at 0000:00:0b.0 into 1x mode
Oct 18 22:00:42 notebox kernel: [ 8795.669600] agpgart: Putting AGP V2 device at 0000:00:10.0 into 1x mode
Oct 18 22:00:42 notebox kernel: [ 8795.678742] [drm] Setting GART location based on new memory map
Oct 18 22:00:42 notebox kernel: [ 8795.678760] [drm] Can't use AGP base @0x00000000, won't fit
Oct 18 22:00:42 notebox kernel: [ 8795.678775] [drm] Loading R300 Microcode
Oct 18 22:00:42 notebox kernel: [ 8795.678856] [drm] writeback test succeeded in 1 usecs
Oct 18 22:01:02 notebox exiting on signal 15
Oct 19 20:10:30 notebox syslogd 1.4.1#20ubuntu4: restart.
Oct 19 20:10:30 notebox kernel: Inspecting /boot/System.map-2.6.20-16-powerpc
Oct 19 20:10:31 notebox kernel: Loaded 23102 symbols from /boot/System.map-2.6.20-16-powerpc.
Oct 19 20:10:31 notebox kernel: Symbols match kernel version 2.6.20.
Oct 19 20:10:31 notebox kernel: No module symbols loaded - kernel modules not enabled. 
Oct 19 20:10:31 notebox kernel: [    0.000000] Using PowerMac machine description
Oct 19 20:10:31 notebox kernel: [    0.000000] Total memory = 512MB; using 1024kB for hash table (at cff00000)
Oct 19 20:10:31 notebox kernel: [    0.000000] Linux version 2.6.20-16-powerpc (root@royal) (gcc version 4.1.2 (Ubuntu 4.1.2-0ubuntu4)) #3 Thu Aug 30 23:43:24 UTC 2007 (Ubuntu 2.6.20-16.31-powerpc)
Oct 19 20:10:31 notebox kernel: [    0.000000] Found initrd at 0xc1900000:0xc2056000
Oct 19 20:10:31 notebox kernel: [    0.000000] Found UniNorth memory controller & host bridge @ 0xf8000000 revision: 0xd2
Oct 19 20:10:31 notebox kernel: [    0.000000] Mapped at 0xfdfc0000
Oct 19 20:10:31 notebox kernel: [    0.000000] Found a Intrepid mac-io controller, rev: 0, mapped at 0xfdf40000
Oct 19 20:10:31 notebox kernel: [    0.000000] PowerMac motherboard: PowerBook G4 15"
Oct 19 20:10:31 notebox kernel: [    0.000000] via-pmu: Server Mode is disabled
Oct 19 20:10:31 notebox kernel: [    0.000000] PMU driver v2 initialized for Core99, firmware: 0c
Oct 19 20:10:31 notebox kernel: [    0.000000] Found UniNorth PCI host bridge at 0x00000000f0000000. Firmware bus number: 0->1
Oct 19 20:10:31 notebox kernel: [    0.000000] Found UniNorth PCI host bridge at 0x00000000f2000000. Firmware bus number: 0->1
Oct 19 20:10:31 notebox kernel: [    0.000000] Found UniNorth PCI host bridge at 0x00000000f4000000. Firmware bus number: 0->1
Oct 19 20:10:31 notebox kernel: [    0.000000] nvram: Checking bank 0...
Oct 19 20:10:31 notebox kernel: [    0.000000] nvram: gen0=728, gen1=729
Oct 19 20:10:31 notebox kernel: [    0.000000] nvram: Active bank is: 1
Oct 19 20:10:31 notebox kernel: [    0.000000] nvram: OF partition at 0x410
Oct 19 20:10:31 notebox kernel: [    0.000000] nvram: XP partition at 0x1020
Oct 19 20:10:31 notebox kernel: [    0.000000] nvram: NR partition at 0x1120
Oct 19 20:10:31 notebox kernel: [    0.000000] Zone PFN ranges:
Oct 19 20:10:31 notebox kernel: [    0.000000]   DMA             0 ->   131072
Oct 19 20:10:31 notebox kernel: [    0.000000]   Normal     131072 ->   131072
Oct 19 20:10:31 notebox kernel: [    0.000000]   HighMem    131072 ->   131072
Oct 19 20:10:31 notebox kernel: [    0.000000] early_node_map[1] active PFN ranges
Oct 19 20:10:31 notebox kernel: [    0.000000]     0:        0 ->   131072
Oct 19 20:10:31 notebox kernel: [    0.000000] Built 1 zonelists.  Total pages: 130048
Oct 19 20:10:31 notebox kernel: [    0.000000] Kernel command line: root=/dev/hda3 ro quiet splash 
Oct 19 20:10:31 notebox kernel: [    0.000000] mpic: Setting up MPIC " MPIC 1   " version 1.2 at 80040000, max 4 CPUs
Oct 19 20:10:31 notebox kernel: [    0.000000] mpic: ISU size: 64, shift: 6, mask: 3f
Oct 19 20:10:31 notebox kernel: [    0.000000] mpic: Initializing for 64 sources
Oct 19 20:10:31 notebox kernel: [    0.000000] PID hash table entries: 2048 (order: 11, 8192 bytes)
Oct 19 20:10:31 notebox kernel: [    0.000000] GMT Delta read from XPRAM: 0 minutes, DST: off
Oct 19 20:10:31 notebox kernel: [   24.012898] Console: colour dummy device 80x25
Oct 19 20:10:31 notebox kernel: [   24.013433] Dentry cache hash table entries: 65536 (order: 6, 262144 bytes)
Oct 19 20:10:31 notebox kernel: [   24.014167] Inode-cache hash table entries: 32768 (order: 5, 131072 bytes)
Oct 19 20:10:31 notebox kernel: [   24.045612] Memory: 506880k/524288k available (3220k kernel code, 16876k reserved, 120k data, 293k bss, 188k init)
Oct 19 20:10:31 notebox kernel: [   24.116643] Security Framework v1.0.0 initialized
Oct 19 20:10:31 notebox kernel: [   24.116666] SELinux:  Disabled at boot.
Oct 19 20:10:31 notebox kernel: [   24.116701] Mount-cache hash table entries: 512
Oct 19 20:10:31 notebox kernel: [   24.117050] device-tree: Duplicate name in /cpus/PowerPC,G4@0, renamed to "l2-cache#1"
Oct 19 20:10:31 notebox kernel: [   24.119908] NET: Registered protocol family 16
Oct 19 20:10:31 notebox kernel: [   24.120363] KeyWest i2c @0xf8001003 irq 42 /uni-n@f8000000/i2c@f8001000
Oct 19 20:10:31 notebox kernel: [   24.120374]  channel 0 bus <multibus>
Oct 19 20:10:31 notebox kernel: [   24.120379]  channel 1 bus <multibus>
Oct 19 20:10:31 notebox kernel: [   24.120429] KeyWest i2c @0x80018000 irq 26 /pci@f2000000/mac-io@17/i2c@18000
Oct 19 20:10:31 notebox kernel: [   24.120437]  channel 0 bus <multibus>
Oct 19 20:10:31 notebox kernel: [   24.120457] PMU i2c /pci@f2000000/mac-io@17/via-pmu@16000/pmu-i2c
Oct 19 20:10:31 notebox kernel: [   24.120465]  channel 1 bus <multibus>
Oct 19 20:10:31 notebox kernel: [   24.120470]  channel 2 bus <multibus>
Oct 19 20:10:31 notebox kernel: [   24.120618] PCI: Probing PCI hardware
Oct 19 20:10:31 notebox kernel: [   24.123653] Can't get bus-range for /pci@f2000000/cardbus@13, assuming it starts at 0
Oct 19 20:10:31 notebox kernel: [   24.123777] Apple USB OHCI 0001:10:18.0 disabled by firmware
Oct 19 20:10:31 notebox kernel: [   24.123787] Apple USB OHCI 0001:10:19.0 disabled by firmware
Oct 19 20:10:31 notebox kernel: [   24.128822] NET: Registered protocol family 8
Oct 19 20:10:31 notebox kernel: [   24.128831] NET: Registered protocol family 20
Oct 19 20:10:31 notebox kernel: [   24.129500] NET: Registered protocol family 2
Oct 19 20:10:31 notebox kernel: [   24.160698] IP route cache hash table entries: 16384 (order: 4, 65536 bytes)
Oct 19 20:10:31 notebox kernel: [   24.160989] TCP established hash table entries: 65536 (order: 6, 262144 bytes)
Oct 19 20:10:31 notebox kernel: [   24.161487] TCP bind hash table entries: 32768 (order: 5, 131072 bytes)
Oct 19 20:10:31 notebox kernel: [   24.161742] TCP: Hash tables configured (established 65536 bind 32768)
Oct 19 20:10:31 notebox kernel: [   24.161750] TCP reno registered
Oct 19 20:10:31 notebox kernel: [   24.172911] checking if image is initramfs... it is
Oct 19 20:10:31 notebox kernel: [   25.608333] Freeing initrd memory: 7512k freed
Oct 19 20:10:31 notebox kernel: [   25.609123] Thermal assist unit not available
Oct 19 20:10:31 notebox kernel: [   25.609361] Registering PowerMac CPU frequency driver
Oct 19 20:10:31 notebox kernel: [   25.609368] Low: 765 Mhz, High: 1249 Mhz, Boot: 765 Mhz
Oct 19 20:10:31 notebox kernel: [   25.640806] audit: initializing netlink socket (disabled)
Oct 19 20:10:31 notebox kernel: [   25.640828] audit(1192817397.628:1): initialized
Oct 19 20:10:31 notebox kernel: [   25.640971] VFS: Disk quotas dquot_6.5.1
Oct 19 20:10:31 notebox kernel: [   25.640997] Dquot-cache hash table entries: 1024 (order 0, 4096 bytes)
Oct 19 20:10:31 notebox kernel: [   25.641076] io scheduler noop registered
Oct 19 20:10:31 notebox kernel: [   25.641082] io scheduler anticipatory registered
Oct 19 20:10:31 notebox kernel: [   25.641086] io scheduler deadline registered
Oct 19 20:10:31 notebox kernel: [   25.641098] io scheduler cfq registered (default)
Oct 19 20:10:31 notebox kernel: [   25.641615] PCI: Enabling device 0000:00:10.0 (0006 -> 0007)
Oct 19 20:10:31 notebox kernel: [   25.837344] radeonfb: Retrieved PLL infos from Open Firmware
Oct 19 20:10:31 notebox kernel: [   25.837349] radeonfb: Reference=27.00 MHz (RefDiv=12) Memory=200.00 Mhz, System=300.00 MHz
Oct 19 20:10:31 notebox kernel: [   25.837354] radeonfb: PLL min 12000 max 35000
Oct 19 20:10:31 notebox kernel: [   25.937907] i2c_adapter i2c-2: unable to read EDID block.
Oct 19 20:10:31 notebox kernel: [   26.093902] i2c_adapter i2c-2: unable to read EDID block.
Oct 19 20:10:31 notebox kernel: [   26.249902] i2c_adapter i2c-2: unable to read EDID block.
Oct 19 20:10:31 notebox kernel: [   26.605558] radeonfb: Monitor 1 type LCD found
Oct 19 20:10:31 notebox kernel: [   26.605562] radeonfb: EDID probed
Oct 19 20:10:31 notebox kernel: [   26.605564] radeonfb: Monitor 2 type no found
Oct 19 20:10:31 notebox kernel: [   26.605636] radeonfb: Dynamic Clock Power Management enabled
Oct 19 20:10:31 notebox kernel: [   26.638841] Console: switching to colour frame buffer device 160x53
Oct 19 20:10:31 notebox kernel: [   26.661136] radeonfb: Backlight initialized (radeonbl0)
Oct 19 20:10:31 notebox kernel: [   26.661141] radeonfb (0000:00:10.0): ATI Radeon NP 
Oct 19 20:10:31 notebox kernel: [   26.695512] Generic RTC Driver v1.07
Oct 19 20:10:31 notebox kernel: [   26.695575] Macintosh non-volatile memory driver v1.1
Oct 19 20:10:31 notebox kernel: [   26.695694] mice: PS/2 mouse device common for all mice
Oct 19 20:10:31 notebox kernel: [   26.696475] RAMDISK driver initialized: 16 RAM disks of 65536K size 1024 blocksize
Oct 19 20:10:31 notebox kernel: [   26.696940] MacIO PCI driver attached to Intrepid chipset
Oct 19 20:10:31 notebox kernel: [   26.698091] input: Macintosh mouse button emulation as /class/input/input0
Oct 19 20:10:31 notebox kernel: [   26.698297] Uniform Multi-Platform E-IDE driver Revision: 7.00alpha2
Oct 19 20:10:31 notebox kernel: [   26.698306] ide: Assuming 33MHz system bus speed for PIO modes; override with idebus=xx
Oct 19 20:10:31 notebox kernel: [   26.698386] adb: starting probe task...
Oct 19 20:10:31 notebox kernel: [   26.699663] PCI: Enabling device 0002:24:0d.0 (0000 -> 0002)
Oct 19 20:10:31 notebox kernel: [   26.960489] ADB keyboard at 2, handler 1
Oct 19 20:10:31 notebox kernel: [   26.960500] Detected ADB keyboard, type ISO, swapping keys.
Oct 19 20:10:31 notebox kernel: [   26.960642] input: ADB keyboard as /class/input/input1
Oct 19 20:10:31 notebox kernel: [   26.960739] input: ADB Powerbook buttons as /class/input/input2
Oct 19 20:10:31 notebox kernel: [   26.975735] ADB mouse at 3, handler set to 4 (trackpad)
Oct 19 20:10:31 notebox kernel: [   27.035532] input: ADB mouse as /class/input/input3
Oct 19 20:10:31 notebox kernel: [   27.035573] adb: finished probe task...
Oct 19 20:10:31 notebox kernel: [   27.716576] ide0: Found Apple UniNorth ATA-6 controller, bus ID 3, irq 39
Oct 19 20:10:31 notebox kernel: [   28.004770] hda: TOSHIBA MK8025GAS, ATA DISK drive
Oct 19 20:10:31 notebox kernel: [   28.676580] hda: Enabling Ultra DMA 5
Oct 19 20:10:31 notebox kernel: [   28.677617] ide0 at 0xe1022000-0xe1022007,0xe1022160 on irq 39
Oct 19 20:10:31 notebox kernel: [   29.696574] ide1: Found Apple KeyLargo ATA-3 controller, bus ID 0, irq 24
Oct 19 20:10:31 notebox kernel: [   30.096750] hdc: MATSHITADVD-R UJ-816, ATAPI CD/DVD-ROM drive
Oct 19 20:10:31 notebox kernel: [   30.432576] hdc: Enabling MultiWord DMA 2
Oct 19 20:10:31 notebox kernel: [   30.433599] ide1 at 0xe1012000-0xe1012007,0xe1012160 on irq 24
Oct 19 20:10:31 notebox kernel: [   30.433803] PowerMac i2c bus pmu 2 registered
Oct 19 20:10:31 notebox kernel: [   30.433857] PowerMac i2c bus pmu 1 registered
Oct 19 20:10:31 notebox kernel: [   30.433912] PowerMac i2c bus mac-io 0 registered
Oct 19 20:10:31 notebox kernel: [   30.433976] PowerMac i2c bus uni-n 1 registered
Oct 19 20:10:31 notebox kernel: [   30.434029] PowerMac i2c bus uni-n 0 registered
Oct 19 20:10:31 notebox kernel: [   30.434154] TCP cubic registered
Oct 19 20:10:31 notebox kernel: [   30.434163] NET: Registered protocol family 1
Oct 19 20:10:31 notebox kernel: [   30.434296] input: PMU as /class/input/input4
Oct 19 20:10:31 notebox kernel: [   30.434346] Registered led device: pmu-front-led
Oct 19 20:10:31 notebox kernel: [   30.434357] Freeing unused kernel memory: 188k init
Oct 19 20:10:31 notebox kernel: [   31.926664] Capability LSM initialized
Oct 19 20:10:31 notebox kernel: [   33.398600] usbcore: registered new interface driver usbfs
Oct 19 20:10:31 notebox kernel: [   33.398639] usbcore: registered new interface driver hub
Oct 19 20:10:31 notebox kernel: [   33.398674] usbcore: registered new device driver usb
Oct 19 20:10:31 notebox kernel: [   33.400676] Apple USB OHCI 0001:10:18.0 disabled by firmware
Oct 19 20:10:31 notebox kernel: [   33.400692] Apple USB OHCI 0001:10:19.0 disabled by firmware
Oct 19 20:10:31 notebox kernel: [   33.400709] PCI: Enabling device 0001:10:1a.0 (0000 -> 0002)
Oct 19 20:10:31 notebox kernel: [   33.400726] ohci_hcd 0001:10:1a.0: OHCI Host Controller
Oct 19 20:10:31 notebox kernel: [   33.400920] ohci_hcd 0001:10:1a.0: new USB bus registered, assigned bus number 1
Oct 19 20:10:31 notebox kernel: [   33.400949] ohci_hcd 0001:10:1a.0: irq 29, io mem 0xa0003000
Oct 19 20:10:31 notebox kernel: [   33.540906] usb usb1: configuration #1 chosen from 1 choice
Oct 19 20:10:31 notebox kernel: [   33.540955] hub 1-0:1.0: USB hub found
Oct 19 20:10:31 notebox kernel: [   33.540973] hub 1-0:1.0: 2 ports detected
Oct 19 20:10:31 notebox kernel: [   33.644795] PCI: Enabling device 0001:10:1b.0 (0000 -> 0002)
Oct 19 20:10:31 notebox kernel: [   33.644819] ohci_hcd 0001:10:1b.0: OHCI Host Controller
Oct 19 20:10:31 notebox kernel: [   33.644854] ohci_hcd 0001:10:1b.0: new USB bus registered, assigned bus number 2
Oct 19 20:10:31 notebox kernel: [   33.644885] ohci_hcd 0001:10:1b.0: irq 63, io mem 0xa0002000
Oct 19 20:10:31 notebox kernel: [   33.855680] usb usb2: configuration #1 chosen from 1 choice
Oct 19 20:10:31 notebox kernel: [   33.855743] hub 2-0:1.0: USB hub found
Oct 19 20:10:31 notebox kernel: [   33.855760] hub 2-0:1.0: 3 ports detected
Oct 19 20:10:31 notebox kernel: [   33.980030] PCI: Enabling device 0001:10:1b.1 (0000 -> 0002)
Oct 19 20:10:31 notebox kernel: [   33.980057] ohci_hcd 0001:10:1b.1: OHCI Host Controller
Oct 19 20:10:31 notebox kernel: [   33.980094] ohci_hcd 0001:10:1b.1: new USB bus registered, assigned bus number 3
Oct 19 20:10:31 notebox kernel: [   33.980119] ohci_hcd 0001:10:1b.1: irq 63, io mem 0xa0001000
Oct 19 20:10:31 notebox kernel: [   34.052335] usb usb3: configuration #1 chosen from 1 choice
Oct 19 20:10:31 notebox kernel: [   34.052383] hub 3-0:1.0: USB hub found
Oct 19 20:10:31 notebox kernel: [   34.052400] hub 3-0:1.0: 2 ports detected
Oct 19 20:10:31 notebox kernel: [   34.104609] usb 1-1: new full speed USB device using ohci_hcd and address 2
Oct 19 20:10:31 notebox kernel: [   34.165932] PCI: Enabling device 0001:10:1b.2 (0004 -> 0006)
Oct 19 20:10:31 notebox kernel: [   34.165955] ehci_hcd 0001:10:1b.2: EHCI Host Controller
Oct 19 20:10:31 notebox kernel: [   34.166018] ehci_hcd 0001:10:1b.2: new USB bus registered, assigned bus number 4
Oct 19 20:10:31 notebox kernel: [   34.188599] ehci_hcd 0001:10:1b.2: irq 63, io mem 0xa0000000
Oct 19 20:10:31 notebox kernel: [   34.188612] ehci_hcd 0001:10:1b.2: USB 2.0 started, EHCI 1.00, driver 10 Dec 2004
Oct 19 20:10:31 notebox kernel: [   34.188766] usb usb4: configuration #1 chosen from 1 choice
Oct 19 20:10:31 notebox kernel: [   34.188812] hub 4-0:1.0: USB hub found
Oct 19 20:10:31 notebox kernel: [   34.188833] hub 4-0:1.0: 5 ports detected
Oct 19 20:10:31 notebox kernel: [   34.293299] PCI: Enabling device 0002:24:0e.0 (0000 -> 0002)
Oct 19 20:10:31 notebox kernel: [   34.344502] ohci1394: fw-host0: OHCI-1394 1.1 (PCI): IRQ=[40]  MMIO=[f5000000-f50007ff]  Max Packet=[4096]  IR/IT contexts=[8/8]
Oct 19 20:10:31 notebox kernel: [   34.354921] sungem.c:v0.98 8/24/03 David S. Miller (davem@redhat.com)
Oct 19 20:10:31 notebox kernel: [   34.379076] hda: max request size: 512KiB
Oct 19 20:10:31 notebox kernel: [   34.391313] usb 1-1: configuration #1 chosen from 1 choice
Oct 19 20:10:31 notebox kernel: [   34.421399] eth0: Sun GEM (PCI) 10/100/1000BaseT Ethernet 00:0a:95:d0:6b:40 
Oct 19 20:10:31 notebox kernel: [   34.421407] eth0: Found Marvell 88E1111 PHY
Oct 19 20:10:31 notebox kernel: [   34.462336] hda: 156301488 sectors (80026 MB), CHS=16383/255/63, UDMA(100)
Oct 19 20:10:31 notebox kernel: [   34.491730] hda: cache flushes supported
Oct 19 20:10:31 notebox kernel: [   34.491811]  hda: [mac] hda1 hda2 hda3 hda4 hda5 hda6
Oct 19 20:10:31 notebox kernel: [   34.565477] hdc: ATAPI 24X DVD-ROM DVD-R CD-R/RW drive, 2048kB Cache, (U)DMA
Oct 19 20:10:31 notebox kernel: [   34.565495] Uniform CD-ROM driver Revision: 3.20
Oct 19 20:10:31 notebox kernel: [   34.806464] usbcore: registered new interface driver hiddev
Oct 19 20:10:31 notebox kernel: [   34.844076] input: HID 05ac:1000 as /class/input/input5
Oct 19 20:10:31 notebox kernel: [   34.844116] input: USB HID v1.11 Keyboard [HID 05ac:1000] on usb-0001:10:1a.0-1
Oct 19 20:10:31 notebox kernel: [   34.864547] input: HID 05ac:1000 as /class/input/input6
Oct 19 20:10:31 notebox kernel: [   34.864829] input: USB HID v1.11 Mouse [HID 05ac:1000] on usb-0001:10:1a.0-1
Oct 19 20:10:31 notebox kernel: [   34.864853] usbcore: registered new interface driver usbhid
Oct 19 20:10:31 notebox kernel: [   34.864860] drivers/usb/input/hid-core.c: v2.6:USB HID core driver
Oct 19 20:10:31 notebox kernel: [   35.306904] Attempting manual resume
Oct 19 20:10:31 notebox kernel: [   35.400756] kjournald starting.  Commit interval 5 seconds
Oct 19 20:10:31 notebox kernel: [   35.400779] EXT3-fs: mounted filesystem with ordered data mode.
Oct 19 20:10:31 notebox kernel: [   48.118937] Linux agpgart interface v0.102 (c) Dave Jones
Oct 19 20:10:31 notebox kernel: [   48.142272] agpgart: Detected Apple UniNorth 2 chipset
Oct 19 20:10:31 notebox kernel: [   48.142380] agpgart: configuring for size idx: 8
Oct 19 20:10:31 notebox kernel: [   48.142444] agpgart: AGP aperture is 32M @ 0x0
Oct 19 20:10:31 notebox kernel: [   49.433066] ieee80211: 802.11 data/management/control stack, git-1.1.13
Oct 19 20:10:31 notebox kernel: [   49.433073] ieee80211: Copyright (C) 2004-2005 Intel Corporation <jketreno@linux.intel.com>
Oct 19 20:10:31 notebox kernel: [   49.482642] bcm43xx driver
Oct 19 20:10:31 notebox kernel: [   49.482831] PCI: Enabling device 0001:10:12.0 (0004 -> 0006)
Oct 19 20:10:31 notebox kernel: [   50.165174] Yenta: CardBus bridge found at 0001:10:13.0 [0000:0000]
Oct 19 20:10:31 notebox kernel: [   50.165208] PCI: Bus 17, cardbus bridge: 0001:10:13.0
Oct 19 20:10:31 notebox kernel: [   50.165212]   IO window: 00001000-000011ff
Oct 19 20:10:31 notebox kernel: [   50.165218]   IO window: 00001400-000015ff
Oct 19 20:10:31 notebox kernel: [   50.165224]   PREFETCH window: 90000000-9fffffff
Oct 19 20:10:31 notebox kernel: [   50.165230]   MEM window: f3000000-f33fffff
Oct 19 20:10:31 notebox kernel: [   50.165238] Yenta: Enabling burst memory read transactions
Oct 19 20:10:31 notebox kernel: [   50.165244] Yenta: Using CSCINT to route CSC interrupts to PCI
Oct 19 20:10:31 notebox kernel: [   50.165247] Yenta: Routing CardBus interrupts to PCI
Oct 19 20:10:31 notebox kernel: [   50.165253] Yenta TI: socket 0001:10:13.0, mfunc 0x00001002, devctl 0x60
Oct 19 20:10:31 notebox kernel: [   50.268616] Yenta: ISA IRQ mask 0x0000, PCI irq 53
Oct 19 20:10:31 notebox kernel: [   50.268624] Socket status: 30000007
Oct 19 20:10:31 notebox kernel: [   50.268631] pcmcia: parent PCI bridge I/O window: 0x0 - 0x7fffff
Oct 19 20:10:31 notebox kernel: [   50.268637] pcmcia: parent PCI bridge Memory window: 0xf3000000 - 0xf3ffffff
Oct 19 20:10:31 notebox kernel: [   50.268642] pcmcia: parent PCI bridge Memory window: 0x80000000 - 0xafffffff
Oct 19 20:10:31 notebox kernel: [   51.317258] pmac_zilog: 0.6 (Benjamin Herrenschmidt <benh@kernel.crashing.org>)
Oct 19 20:10:31 notebox kernel: [   51.317356] ttyS0 at MMIO 0x80013020 (irq = 22) is a Z85c30 ESCC - Serial port
Oct 19 20:10:31 notebox kernel: [   51.317718] ttyS1 at MMIO 0x80013000 (irq = 23) is a Z85c30 ESCC - Serial port
Oct 19 20:10:31 notebox kernel: [   53.709622] SoftMAC: Open Authentication completed with 00:13:49:a1:23:74
Oct 19 20:10:31 notebox kernel: [   53.834865] NET: Registered protocol family 10
Oct 19 20:10:31 notebox kernel: [   53.834992] lo: Disabled Privacy Extensions
Oct 19 20:10:31 notebox kernel: [   53.988707] fuse init (API version 7.8)
Oct 19 20:10:31 notebox kernel: [   54.736645] input: PowerMac Beep as /class/input/input7
Oct 19 20:10:31 notebox kernel: [   54.841413] apm_emu: APM Emulation 0.5 initialized.
Oct 19 20:10:31 notebox kernel: [   54.924866] SCSI subsystem initialized
Oct 19 20:10:31 notebox kernel: [   55.087530] adt746x: version 1 (supported)
Oct 19 20:10:31 notebox kernel: [   55.087539] adt746x: Thermostat bus: 1, address: 0x2e, limit_adjust: 0, fan_speed: -1
Oct 19 20:10:31 notebox kernel: [   55.087545] sensor 0: CPU/INTREPID BOTTOMSIDE
Oct 19 20:10:31 notebox kernel: [   55.087549] sensor 1: CPU BOTTOMSIDE
Oct 19 20:10:31 notebox kernel: [   55.087552] sensor 2: PWR SUPPLY BOTTOMSIDE
Oct 19 20:10:31 notebox kernel: [   55.088002] adt746x: ADT7460 initializing
Oct 19 20:10:31 notebox kernel: [   55.090126] adt746x: Lowering max temperatures from 81, 80, 87 to 70, 50, 70
Oct 19 20:10:31 notebox kernel: [   55.288646] Adding 1509100k swap on /dev/disk/by-uuid/ecca67d1-6dba-4f84-ade6-4308e8b416eb.  Priority:-1 extents:1 across:1509100k
Oct 19 20:10:31 notebox kernel: [   55.298771] EXT3 FS on hda3, internal journal
Oct 19 20:10:31 notebox kernel: [   55.634455] kjournald starting.  Commit interval 5 seconds
Oct 19 20:10:31 notebox kernel: [   55.634586] EXT3 FS on hda5, internal journal
Oct 19 20:10:31 notebox kernel: [   55.634594] EXT3-fs: mounted filesystem with ordered data mode.
Oct 19 20:10:31 notebox kernel: [   55.677032] kjournald starting.  Commit interval 5 seconds
Oct 19 20:10:31 notebox kernel: [   55.677148] EXT3 FS on hda6, internal journal
Oct 19 20:10:31 notebox kernel: [   55.677156] EXT3-fs: mounted filesystem with ordered data mode.
Oct 19 20:10:35 notebox dhcdbd: Started up.
Oct 19 20:10:35 notebox kernel: [   63.058818] ADDRCONF(NETDEV_UP): eth0: link is not ready
Oct 19 20:10:39 notebox kernel: [   66.422605] [drm] Initialized drm 1.1.0 20060810
Oct 19 20:10:39 notebox kernel: [   66.445959] [drm] Initialized radeon 1.25.0 20060524 on minor 0
Oct 19 20:10:39 notebox kernel: [   66.894325] lp: driver loaded but no devices found
Oct 19 20:10:39 notebox kernel: [   67.047198] ppdev: user-space parallel port driver
Oct 19 20:10:40 notebox kernel: [   67.658349] agpgart: Putting AGP V2 device at 0000:00:0b.0 into 1x mode
Oct 19 20:10:40 notebox kernel: [   67.658505] agpgart: Putting AGP V2 device at 0000:00:10.0 into 1x mode
Oct 19 20:10:40 notebox kernel: [   67.713230] [drm] Setting GART location based on new memory map
Oct 19 20:10:40 notebox kernel: [   67.713244] [drm] Can't use AGP base @0x00000000, won't fit
Oct 19 20:10:40 notebox kernel: [   67.713254] [drm] Loading R300 Microcode
Oct 19 20:10:40 notebox kernel: [   67.713310] [drm] writeback test succeeded in 1 usecs
Oct 19 20:10:41 notebox hpiod: 1.7.3 accepting connections at 2208... 
Oct 19 20:10:52 notebox kernel: [   79.408899] ondemand governor failed to load due to too long transition latency
Oct 19 20:10:52 notebox kernel: [   80.020333] Bluetooth: Core ver 2.11
Oct 19 20:10:52 notebox kernel: [   80.020428] NET: Registered protocol family 31
Oct 19 20:10:52 notebox kernel: [   80.020432] Bluetooth: HCI device and connection manager initialized
Oct 19 20:10:52 notebox kernel: [   80.020438] Bluetooth: HCI socket layer initialized
Oct 19 20:10:52 notebox kernel: [   80.264344] Bluetooth: L2CAP ver 2.8
Oct 19 20:10:52 notebox kernel: [   80.264354] Bluetooth: L2CAP socket layer initialized
Oct 19 20:10:52 notebox kernel: [   80.286122] usb 1-1: USB disconnect, address 2
Oct 19 20:10:53 notebox kernel: [   80.521922] Bluetooth: RFCOMM socket layer initialized
Oct 19 20:10:53 notebox kernel: [   80.521949] Bluetooth: RFCOMM TTY layer initialized
Oct 19 20:10:53 notebox kernel: [   80.521952] Bluetooth: RFCOMM ver 1.8
Oct 19 20:10:53 notebox kernel: [   80.628600] usb 1-1: new full speed USB device using ohci_hcd and address 3
Oct 19 20:10:53 notebox kernel: [   80.885292] usb 1-1: configuration #1 chosen from 1 choice
Oct 19 20:10:54 notebox kernel: [   81.588825] Bluetooth: HCI USB driver ver 2.9
Oct 19 20:10:54 notebox kernel: [   81.598342] usbcore: registered new interface driver hci_usb
Oct 19 20:16:54 notebox syslogd 1.4.1#20ubuntu4: restart.
Oct 19 20:30:31 notebox -- MARK --
Oct 19 20:50:24 notebox gconfd (closure-5712): starting (version 2.18.0.1), pid 5712 user 'closure'
Oct 19 20:50:24 notebox gconfd (closure-5712): Resolved address "xml:readonly:/etc/gconf/gconf.xml.mandatory" to a read-only configuration source at position 0
Oct 19 20:50:24 notebox gconfd (closure-5712): Resolved address "xml:readwrite:/home/closure/.gconf" to a writable configuration source at position 1
Oct 19 20:50:24 notebox gconfd (closure-5712): Resolved address "xml:readonly:/etc/gconf/gconf.xml.defaults" to a read-only configuration source at position 2
Oct 19 20:50:24 notebox gconfd (closure-5712): Resolved address "xml:readonly:/var/lib/gconf/debian.defaults" to a read-only configuration source at position 3
Oct 19 20:50:24 notebox gconfd (closure-5712): Resolved address "xml:readonly:/var/lib/gconf/defaults" to a read-only configuration source at position 4
Oct 19 20:50:54 notebox gconfd (closure-5712): GConf server is not in use, shutting down.
Oct 19 20:50:54 notebox gconfd (closure-5712): Exiting
